File "tests/error4.ml", line 2, characters 0-13:
Warning 50 [unexpected-docstring]: ambiguous documentation comment
File "tests/error4.ml", line 3, characters 8-16:
Warning 50 [unexpected-docstring]: unattached documentation comment (ignored)
(** a or b *)
let a = ()

(** a or b *)
let b = (** ? *) ()
