(* Top-level *)

(** Doc comment 1 *)

(* a b c d e f g *)

(* A normal comment 1 *)

type t (* Surprise *)

(** Doc comment 3 *)

(* 1 2 3 *)

(* 4 5 6 *)

(* 7 8 9 *)

(* Now with comments *)

(* 168 *)
(* 169 *)
(* 167 *)
(* 166 *)
(* 170 *)
(* 171 *)
(* 172 *)
(* 173 *)
(* 174 *)
(* 165 *)
(* 164 *)
(* 175 *)
(* 163 *)
(* 177 *)
(* 178 *)
(* 176 *)
(* 181 *)
(* 180 *)
(* 182 *)
(* 179 *)
(* 186 *)
(* 187 *)
(* 185 *)
(* 191 *)
(* 192 *)
(* 190 *)
(* 189 *)
(* 193 *)
(* 188 *)
(* 198 *)
(* 197 *)
(* 199 *)
(* 200 *)
(* 201 *)
(* 196 *)
(* 195 *)
(* 202 *)
(* 203 *)
(* 194 *)
(* 184 *)
(* 204 *)
(* 183 *)
(* 205 *)
(* 209 *)
(* 210 *)
(* 208 *)
(* 207 *)
(* 211 *)
(* 206 *)
(* 212 *)
(* 215 *)
(* 214 *)
(* 216 *)
(* 213 *)
(* 224 *)
(* 223 *)
(* 222 *)
(* 225 *)
(* 226 *)
(* 221 *)
(* 220 *)
(* 227 *)
(* 219 *)
(* 218 *)
(* 228 *)
(* 217 *)
(* 240 *)
(* 241 *)
(* 242 *)
(* 239 *)
(* 243 *)
(* 247 *)
(* 246 *)
(* 245 *)
(* 248 *)
(* 249 *)
(* 250 *)
(* 251 *)
(* 244 *)
(* 256 *)
(* 255 *)
(* 257 *)
(* 258 *)
(* 259 *)
(* 260 *)
(* 261 *)
(* 254 *)
(* 253 *)
(* 262 *)
(* 252 *)
(* 238 *)
(* 263 *)
(* 264 *)
(* 265 *)
(* 266 *)
(* 267 *)
(* 237 *)
(* 236 *)
(* 268 *)
(* 235 *)
(* 234 *)
(* 269 *)
(* 270 *)
(* 271 *)
(* 272 *)
(* 273 *)
(* 274 *)
(* 275 *)
(* 276 *)
(* 277 *)
(* 278 *)
(* 233 *)
(* 232 *)
(* 279 *)
(* 280 *)
(* 281 *)
(* 231 *)
(* 230 *)
(* 282 *)
(* 283 *)
(* 284 *)
(* 285 *)
(* 286 *)
(* 229 *)
(* 290 *)
(* 291 *)
(* 293 *)
(* 292 *)
(* 294 *)
(* 289 *)
(* 288 *)
(* 295 *)
(* 296 *)
(* 297 *)
(* 298 *)
(* 287 *)
(* 303 *)
(* 302 *)
(* 304 *)
(* 301 *)
(* 300 *)
(* 305 *)
(* 299 *)
(* 307 *)
(* 306 *)
(* 310 *)
(* 309 *)
(* 311 *)
(* 312 *)
(* 313 *)
(* 314 *)
(* 315 *)
(* 316 *)
(* 317 *)
(* 308 *)
(* 319 *)
(* 318 *)
(* 320 *)
(* 322 *)
(* 323 *)
(* 321 *)
(* 327 *)
(* 328 *)
(* 329 *)
(* 330 *)
(* 326 *)
(* 332 *)
(* 333 *)
(* 334 *)
(* 331 *)
(* 336 *)
(* 335 *)
(* 325 *)
(* 337 *)
(* 324 *)
(* 339 *)
(* 340 *)
(* 341 *)
(* 342 *)
(* 343 *)
(* 344 *)
(* 345 *)
(* 346 *)
(* 347 *)
(* 348 *)
(* 338 *)
(* 351 *)
(* 353 *)
(* 354 *)
(* 355 *)
(* 352 *)
(* 357 *)
(* 358 *)
(* 356 *)
(* 350 *)
(* 359 *)
(* 349 *)
(* 363 *)
(* 362 *)
(* 361 *)
(* 364 *)
(* 365 *)
(* 366 *)
(* 367 *)
(* 368 *)
(* 369 *)
(* 370 *)
(* 360 *)
(* 372 *)
(* 373 *)
(* 371 *)
(* 379 *)
(* 378 *)
(* 377 *)
(* 380 *)
(* 376 *)
(* 375 *)
(* 381 *)
(* 382 *)
(* 383 *)
(* 374 *)
(* 385 *)
(* 386 *)
(* 384 *)
(* 387 *)
(* 391 *)
(* 390 *)
(* 389 *)
(* 392 *)
(* 388 *)
(* 394 *)
(* 395 *)
(* 393 *)
(* 401 *)
(* 402 *)
(* 400 *)
(* 399 *)
(* 403 *)
(* 398 *)
(* 397 *)
(* 404 *)
(* 405 *)
(* 396 *)
(* 407 *)
(* 406 *)
(* 409 *)
(* 410 *)
(* 408 *)
(* 412 *)
(* 411 *)
(* 413 *)

(* struct *)

module _ = struct
  (* 415 *)
  (* 414 *)
  (* 416 *)
  (* 418 *)
  (* 417 *)

  (* CR-someday layouts: The line below doesn't stabilize in the
     [ocamlformat] profile *)

  (* kind_abbrev_ k = ((kind_of_ (1* 422 *1) (1* 423 *1) tttttttttttttttttt
     (1* 421 *1) & ((1* 426 *1) kkkkkkkkkkkkkkkkkkkkkkkkkkkkkkk (1* 425 *1)
     mod (1* 427 *1) mmmmmmmmmmmmmmmmmmmmmmmmmmmmmm (1* 428 *1)
     mmmmmmmmmmmmmmm (1* 424 *1)) & ((1* 429 *1) kkkkkkkkkkkkkkk & ((1* 433
     *1) _ (1* 432 *1) (1* 431 *1) with (1* 434 *1) ((1* 435 *1)
     tttttttttttt, (1* 436 *1) ((1* 437 *1) ttttttttttttt, (1* 438 *1) ((1*
     439 *1) ttttttttttttttttt, (1* 440 *1) t, (1* 441 *1)
     tttttttttttttttttttttttttttt, (1* 442 *1) ttttttttttttttttttttttt) (1*
     443 *1) tttttt) (1* 444 *1) ttttttttttttttttttttt) (1* 445 *1) t (1* 430
     *1)) & (((1* 450 *1) kkkkkkkkkkkkkkkkkkkkkkkkkk (1* 449 *1) mod (1* 451
     *1) mmmmmmmmmmmmmmmmmmmmmmm (1* 452 *1) m (1* 453 *1) mmmmmm (1* 454 *1)
     mmmmmm (1* 455 *1) mmmmmmmmmmm (1* 448 *1)) (1* 447 *1) with (1* 456 *1)
     ttttttttttt (1* 446 *1)) & kind_of_ (1* 458 *1) (1* 459 *1)
     tttttttttttttttttttttttttttt (1* 457 *1) & (1* 461 *1) _ (1* 460 *1)) &
     (1* 463 *1) _ (1* 462 *1) & (((((1* 468 *1) kkkkkkkkkkkkkkkkkkkkk & ((1*
     472 *1) _ (1* 471 *1) (1* 470 *1) with (1* 473 *1) ((1* 474 *1) tttttt,
     (1* 475 *1) ttttttttttttttttttttttttt) (1* 476 *1)
     tttttttttttttttttttttttttttttttt (1* 469 *1)) & (1* 478 *1) _ (1* 477
     *1) & (kind_of_ (1* 482 *1) (1* 483 *1) tttttttt (1* 481 *1) (1* 480 *1)
     with (1* 484 *1) tttttt * (1* 485 *1) tttttttttttttttttttttttt * (1* 486
     *1) t * (1* 487 *1) ttttttttttttttttttttttttt (1* 479 *1)) & ((((1* 490
     *1) kkkkkkkkkkkkkk & (kind_of_ (1* 494 *1) (1* 495 *1) ttttttttttttttt
     (1* 493 *1) (1* 492 *1) mod (1* 496 *1) mmmmmmmmmmmmmmmmmmmmm (1* 497
     *1) mmmmmmmmmmmmmmmmmmmmmmmmmmmmmmmmmmm (1* 498 *1) mmmmmmmmmmm (1* 491
     *1)) & (((1* 503 *1) kkkk (1* 502 *1) with (('(1* 504 *1) aaaaaaaaaa :
     (1* 506 *1) _ (1* 505 *1)) -> (1* 507 *1) ttttttttttt) (1* 501 *1)) (1*
     500 *1) mod (1* 508 *1) m (1* 509 *1) mmmmmmmmmmmmmmmmmmmmmmmmmmmm (1*
     510 *1) mmmmmmmmmmmmmmmmmmmmmmmmm (1* 499 *1)) & (((1* 515 *1) kkkkkkk
     (1* 514 *1) mod (1* 516 *1) mmmmmmmmm (1* 517 *1)
     mmmmmmmmmmmmmmmmmmmmmmmmmmmmmmmmm (1* 513 *1)) (1* 512 *1) with (1* 518
     *1) ttttttttt (1* 511 *1)) & kind_of_ (1* 520 *1) (1* 521 *1) ((1* 522
     *1) ttttttttttttttttttttttttttttttttttt) (1* 523 *1)
     tttttttttttttttttttttttttt (1* 519 *1)) & ((kind_of_ (1* 529 *1) (1* 530
     *1) ttt (1* 528 *1) (1* 527 *1) mod (1* 531 *1) mmmmmmmmmmmmm (1* 532
     *1) mmmmmmmmmmmmmmmmmmmmm (1* 533 *1) mmmmmmmmmmmmmmmmmmmmmmmm (1* 534
     *1) mmmmmmmmmmmmmm (1* 526 *1)) (1* 525 *1) mod (1* 535 *1)
     mmmmmmmmmmmmmmmmmmmmmmm (1* 536 *1) mmmmmmmm (1* 524 *1)) & kind_of_ (1*
     538 *1) (('(1* 539 *1) aaaaaaa : ((((((1* 545 *1) _ (1* 544 *1) & (1*
     547 *1) _ (1* 546 *1) & ((((((1* 557 *1) _ (1* 556 *1) (1* 555 *1) mod
     (1* 558 *1) mmmmmmmmmmmmmmmmmmmmmmmmmmmmmmmmmmm (1* 559 *1) mmmmmmm (1*
     560 *1) mmmmmmmmmmm (1* 561 *1) mmmmmmmmmmmmmm (1* 562 *1)
     mmmmmmmmmmmmmmmmmmmmmmmmmmmmmm (1* 554 *1)) (1* 553 *1) mod (1* 563 *1)
     m (1* 564 *1) mmmmmm (1* 565 *1) mmmmmmmmm (1* 566 *1) mmmmmmmmmmmm (1*
     552 *1)) (1* 551 *1) with (1* 567 *1) tttttttttttttt (1* 550 *1)) (1*
     549 *1) with (1* 568 *1) tttttttttttttttttttttttttt (1* 548 *1)) & (1*
     569 *1) kkkkkkkkkkkk & kind_of_ (1* 571 *1) ((1* 572 *1) tttttttttt ->
     (1* 573 *1) ttttttttttttttttttt) (1* 570 *1) & (1* 574 *1)
     kkkkkkkkkkkkkkkk))) (1* 543 *1) mod (1* 575 *1) mmm (1* 576 *1)
     mmmmmmmmm (1* 577 *1) mmmmmmmmmmmmmmmmmmmmmmmmmmmmmm (1* 578 *1)
     mmmmmmmmmmmmmmmmmmmmmmmmmmmmmmmmmm (1* 542 *1)) (1* 541 *1) mod (1* 579
     *1) mmmmmmmmmmmmmmmmmmmmmmmmmmmmmmmmmmm (1* 580 *1)
     mmmmmmmmmmmmmmmmmmmmmmmmmmmmmmmmmm (1* 581 *1)
     mmmmmmmmmmmmmmmmmmmmmmmmmmmmmmmm (1* 582 *1)
     mmmmmmmmmmmmmmmmmmmmmmmmmmmmmmmmmmm (1* 583 *1)
     mmmmmmmmmmmmmmmmmmmmmmmmmm (1* 540 *1)))) -> (1* 584 *1)
     ttttttttttttttttttttt) (1* 537 *1) & ((((kind_of_ (1* 590 *1) (('(1* 591
     *1) aaaaaaaaaaaaaaaaaaaaaaaaaaaaaaaaaaa : (kind_of_ (1* 593 *1) (1* 594
     *1) tttttt (1* 592 *1) & (((1* 598 *1) _ (1* 597 *1) & (((1* 604 *1) _
     (1* 603 *1) (1* 602 *1) mod (1* 605 *1) mmmmmmmmmm (1* 606 *1)
     mmmmmmmmmmmmmmmmmmmmmmmmm (1* 607 *1) mmmm (1* 601 *1)) (1* 600 *1) with
     (1* 608 *1) tttttttttttttttt (1* 599 *1))) (1* 596 *1) mod (1* 609 *1)
     mmmmmmmmmmm (1* 595 *1)) & ((((1* 614 *1) kkkkk & kind_of_ (1* 616 *1)
     (1* 617 *1) ttttttttttttttttttttttttttttttttttt (1* 615 *1)) (1* 613 *1)
     with (1* 618 *1) tttttttttttttttttt (1* 612 *1)) (1* 611 *1) mod (1* 619
     *1) mmmmmmmmmm (1* 620 *1) mmmmmmmmmmmmmmmmmmmmmmm (1* 621 *1) mmmmmmm
     (1* 622 *1) m (1* 623 *1) m (1* 610 *1)))) -> (1* 624 *1) t) (1* 589
     *1)) & (1* 626 *1) _ (1* 625 *1) & (1* 627 *1) kkkkkk & (1* 629 *1) _
     (1* 628 *1)) (1* 588 *1) mod (1* 630 *1) mmmmmmmmmmmmm (1* 631 *1)
     mmmmmm (1* 587 *1)) (1* 586 *1) mod (1* 632 *1) mmmmmmmmmm (1* 633 *1)
     mmmmmmmm (1* 634 *1) mmmmmmmmmmmmmmm (1* 635 *1)
     mmmmmmmmmmmmmmmmmmmmmmmmmmmmmmmmm (1* 636 *1) mmmmmmmmmmmmmmmmmmmmm (1*
     585 *1)) & (((1* 639 *1) kkkkkkkkk (1* 638 *1) mod (1* 640 *1)
     mmmmmmmmmmmmmmmmmmmmmmmmmmmmmmmmmmm (1* 637 *1)) & ((((1* 643 *1)
     kkkkkkkkkkkkkkkkkkkkkkkkkkkkkk & kind_of_ (1* 645 *1) (1* 646 *1) tt (1*
     644 *1) & ((((((1* 656 *1) _ (1* 655 *1) & (((1* 661 *1)
     kkkkkkkkkkkkkkkkk (1* 660 *1) mod (1* 662 *1) mmmmmmm (1* 659 *1)) (1*
     658 *1) with (1* 663 *1) ttttttttttttt (1* 657 *1)) & (1* 665 *1) _ (1*
     664 *1) & kind_of_ (1* 667 *1) (1* 668 *1) ttttttttttttttttttttt (1* 666
     *1)) (1* 654 *1) mod (1* 669 *1) mmmm (1* 670 *1) mmmmmmmmmmmm (1* 671
     *1) mmmmmmmmmmmmmmmmmm (1* 672 *1) mmmmmmmmmmmmmmmmmmmmmm (1* 673 *1)
     mmmmmmmmmmmmmm (1* 653 *1)) (1* 652 *1) with (1* 674 *1) tt (1* 651 *1))
     (1* 650 *1) mod (1* 675 *1) m (1* 676 *1)
     mmmmmmmmmmmmmmmmmmmmmmmmmmmmmmmmmmm (1* 677 *1) mmmmmmmmmmm (1* 678 *1)
     mmmmmmmmmmmmmmmmmmmmmmmmm (1* 649 *1)) (1* 648 *1) with (1* 679 *1)
     tttttttttttttttttttttttttttttttt (1* 647 *1)) & ((1* 681 *1) _ (1* 680
     *1) & (((1* 687 *1) _ (1* 686 *1) (1* 685 *1) with (1* 688 *1)
     tttttttttttttttttttttttttttttttttt (1* 684 *1)) (1* 683 *1) with (1* 689
     *1) ttttttttttttttttttttttt (1* 682 *1)) & kind_of_ (1* 691 *1) (1* 692
     *1) ttt (1* 690 *1))) (1* 642 *1) with (1* 693 *1)
     tttttttttttttttttttttttttttttt (1* 641 *1)) & ((1* 697 *1) _ (1* 696 *1)
     (1* 695 *1) with (1* 698 *1) ttttttttttttttttttttttttt (1* 694 *1)) &
     (((1* 700 *1) _ (1* 699 *1)) & (((1* 704 *1) _ (1* 703 *1) (1* 702 *1)
     with (('(1* 705 *1) aaaaaaaaaaaaaaaaaaaaaaaaaa : ((1* 708 *1)
     kkkkkkkkkkkkkkkkkkkkkkkkkkkkkkkkkk (1* 707 *1) mod (1* 709 *1) mmm (1*
     710 *1) mmmmmmmmmmmmmmmmmmmmmmmmmmmmmmmmmmm (1* 711 *1) mmmmmmmmmmmmmm
     (1* 706 *1))) -> (1* 712 *1) t) (1* 701 *1)) & ((((1* 719 *1)
     kkkkkkkkkkkkkkkkkkkkkkkkkkkkkkk (1* 718 *1) with (1* 720 *1) ttttttttttt
     * (1* 721 *1) tttttttttttttttt * ((1* 722 *1) ttttttttttttt -> (1* 723
     *1) tttttttttttttttttttttt) * (1* 724 *1) tttt * (1* 725 *1)
     ttttttttttttttttt (1* 717 *1)) (1* 716 *1) mod (1* 726 *1) mmmm (1* 727
     *1) mmmmmmmmmmmmmmmmmmmmmmm (1* 728 *1) mmmmmmmmmmmmmmmmmmmmmmm (1* 715
     *1)) (1* 714 *1) mod (1* 729 *1) mmmmmmmmmmmmmmmmmmm (1* 713 *1))) &
     ((1* 732 *1) k (1* 731 *1) mod (1* 733 *1) mmmmmmmmmm (1* 730 *1))) &
     (1* 734 *1) k & ((1* 735 *1) kkkkkkkkkkkkkkkkkkkkkkkkkkkkkkkkk &
     kind_of_ (1* 737 *1) (1* 738 *1) tttttttttttttttttt (1* 736 *1) & (1*
     739 *1) k & ((kind_of_ (1* 743 *1) (1* 744 *1) t (1* 742 *1) (1* 741 *1)
     with (1* 745 *1) tttt (1* 740 *1)) & ((1* 748 *1)
     kkkkkkkkkkkkkkkkkkkkkkkkkkkkkkkkkkk (1* 747 *1) mod (1* 749 *1)
     mmmmmmmmmmmmmmmmmmmmmm (1* 750 *1) mmm (1* 746 *1)) & (((1* 756 *1) _
     (1* 755 *1) (1* 754 *1) mod (1* 757 *1)
     mmmmmmmmmmmmmmmmmmmmmmmmmmmmmmmmmm (1* 758 *1) mmmmmmmmmmmmmmmmmm (1*
     759 *1) mmmmmmmmmmmmmmmmmmmmmm (1* 760 *1)
     mmmmmmmmmmmmmmmmmmmmmmmmmmmmmmmmmmm (1* 761 *1)
     mmmmmmmmmmmmmmmmmmmmmmmmmmmmmmmmm (1* 753 *1)) (1* 752 *1) with (1* 762
     *1) tttttttttttttt * (1* 763 *1) t * (1* 764 *1) tttttttttttt * (1* 765
     *1) ttttttttttt * (1* 766 *1) tttttttttttttttt (1* 751 *1)) & (1* 767
     *1) kkkkkkkk & kind_of_ (1* 769 *1) (1* 770 *1) ttttttttttttttt (1* 768
     *1)) & ((1* 773 *1) kkkkkkkkkkkkkkkkkkkkkkkkkkkkkk (1* 772 *1) with (1*
     774 *1) t (1* 771 *1)))) & (1* 775 *1) k & (((((((((((1* 793 *1) _ (1*
     792 *1)) & ((1* 795 *1) _ (1* 794 *1)) & (1* 796 *1)
     kkkkkkkkkkkkkkkkkkkkkkkkkkk & (1* 798 *1) _ (1* 797 *1)) (1* 791 *1) mod
     (1* 799 *1) mmmmmmmmmmmmmmmmmmmmmm (1* 790 *1)) (1* 789 *1) mod (1* 800
     *1) mmmmmmmm (1* 801 *1) mmmmmm (1* 788 *1)) (1* 787 *1) with (1* 802
     *1) tttttttttt * (1* 803 *1) ttttttttttttttttttttttttttt * (1* 804 *1)
     ((1* 805 *1) tttttttttttttttttttttttttttttt, (1* 806 *1)
     ttttttttttttttttttttttttttttt) (1* 807 *1) tttttttttt * (('(1* 808 *1)
     aaaaa : (kind_of_ (1* 810 *1) ((1* 811 *1)
     tttttttttttttttttttttttttttttt -> (1* 812 *1)
     ttttttttttttttttttttttttttttt) (1* 809 *1) & kind_of_ (1* 814 *1) (1*
     815 *1) ((1* 816 *1) t, (1* 817 *1) ttttt, (1* 818 *1) tt, (1* 819 *1)
     tttttttttt) (1* 820 *1) tttttttttt (1* 813 *1) & (1* 821 *1)
     kkkkkkkkkkkkkkkkkkkkkkk & ((((1* 826 *1) kkkkkkkkkkkkkkkkkkkkkkkkkkkkk
     (1* 825 *1) mod (1* 827 *1) mmmmmmmmmmmmmmmm (1* 828 *1) m (1* 824 *1)))
     (1* 823 *1) mod (1* 829 *1) mmmmmmmmmmmmmm (1* 830 *1)
     mmmmmmmmmmmmmmmmmmmmmmmmmmmmmmmmmm (1* 831 *1)
     mmmmmmmmmmmmmmmmmmmmmmmmmmmmmmm (1* 822 *1)) & (kind_of_ (1* 835 *1) (1*
     836 *1) tttt (1* 834 *1) (1* 833 *1) with (1* 837 *1) ttt (1* 832 *1))))
     -> (1* 838 *1) ttttttttttttttttttttttttttttttttt) (1* 786 *1)) (1* 785
     *1) mod (1* 839 *1) mmmmmmmmmmmmmmm (1* 840 *1) mmmmmmmmmmmmmm (1* 841
     *1) mmmmmmmmmmmmmmmmmmmmmmmmm (1* 784 *1)) (1* 783 *1) with (1* 842 *1)
     tttttttttttt (1* 782 *1)) (1* 781 *1) mod (1* 843 *1)
     mmmmmmmmmmmmmmmmmmmmmmmmmmmmmmmmm (1* 780 *1)) (1* 779 *1) with (1* 844
     *1) t (1* 778 *1)) (1* 777 *1) mod (1* 845 *1) mmm (1* 846 *1)
     mmmmmmmmmmmmmmmmmmmmmmmmmmmmmmm (1* 847 *1) mmmmmmmmmmmmmmmmmmmmmmmmmmmm
     (1* 776 *1)))) (1* 489 *1) with ((1* 848 *1)
     ttttttttttttttttttttttttttttttt -> (1* 849 *1) ttttttttttttttttttttt)
     (1* 488 *1))) (1* 467 *1) mod (1* 850 *1) mmmmmmmmmmmmmmmmm (1* 851 *1)
     mmmmmmmmmmmmmmmmmmmmmmmmmmmm (1* 852 *1) mmmmmmmmmmmmmm (1* 853 *1)
     mmmmmmmmmm (1* 466 *1)) (1* 465 *1) mod (1* 854 *1)
     mmmmmmmmmmmmmmmmmmmmmmmmmmm (1* 855 *1) m (1* 856 *1) mmmmmmmmm (1* 857
     *1) mmmmmmmmmmmmmmmmmmmmmmm (1* 464 *1)) & (1* 858 *1)
     kkkkkkkkkkkkkkkkkkkkkkkkkkkkkkkkkk & kind_of_ (1* 860 *1) (1* 861 *1)
     tttttttttttttttttttttttttttttt (1* 859 *1) & kind_of_ (1* 863 *1) (1*
     864 *1) ttttttttttttttttttttttttttttttttttt (1* 862 *1) & kind_of_ (1*
     866 *1) (1* 867 *1) ((1* 868 *1) tttttttttttttttttttttttttttttttttt) (1*
     869 *1) tttttttttttttttttttttttttttttttttt * (1* 870 *1) ((1* 871 *1)
     ttttttttttttttttttttttttttttttttttt) (1* 872 *1) tttt (1* 865 *1))) (1*
     420 *1) mod (1* 873 *1) mmmmmmmmmmmmm (1* 874 *1) mmm (1* 875 *1) mm (1*
     876 *1) mmmmmmmmmmm (1* 419 *1)) *)
  (* 880 *)
  (* 881 *)
  (* 879 *)
  (* 878 *)
  (* 882 *)
  (* 877 *)
  (* 884 *)
  (* 885 *)
  (* 883 *)
  (* 889 *)
  (* 888 *)
  (* 887 *)
  (* 890 *)
  (* 891 *)
  (* 892 *)
  (* 893 *)
  (* 894 *)
  (* 886 *)
  (* 899 *)
  (* 898 *)
  (* 900 *)
  (* 901 *)
  (* 902 *)
  (* 897 *)
  (* 896 *)
  (* 903 *)
  (* 895 *)
  (* 906 *)
  (* 908 *)
  (* 909 *)
  (* 907 *)
  (* 905 *)
  (* 910 *)
  (* 912 *)
  (* 911 *)
  (* 913 *)
  (* 904 *)
  (* 920 *)
  (* 919 *)
  (* 921 *)
  (* 918 *)
  (* 923 *)
  (* 924 *)
  (* 922 *)
  (* 927 *)
  (* 926 *)
  (* 928 *)
  (* 925 *)
  (* 930 *)
  (* 929 *)
  (* 932 *)
  (* 933 *)
  (* 931 *)
  (* 917 *)
  (* 934 *)
  (* 935 *)
  (* 936 *)
  (* 916 *)
  (* 915 *)
  (* 937 *)
  (* 938 *)
  (* 914 *)
  (* 944 *)
  (* 943 *)
  (* 942 *)
  (* 945 *)
  (* 941 *)
  (* 940 *)
  (* 946 *)
  (* 947 *)
  (* 939 *)
  (* 949 *)
  (* 948 *)
  (* 950 *)
end

(* sig *)

module type S = sig
  (* 952 *)
  (* 951 *)
  (* 954 *)
  (* 953 *)
  (* 956 *)
  (* 955 *)
  (* 961 *)
  (* 960 *)
  (* 962 *)
  (* 959 *)
  (* 958 *)
  (* 963 *)
  (* 964 *)
  (* 965 *)
  (* 966 *)
  (* 957 *)
  (* 970 *)
  (* 969 *)
  (* 968 *)
  (* 971 *)
  (* 972 *)
  (* 973 *)
  (* 974 *)
  (* 967 *)
  (* 978 *)
  (* 977 *)
  (* 976 *)
  (* 979 *)
  (* 975 *)
  (* 983 *)
  (* 982 *)
  (* 981 *)
  (* 984 *)
  (* 985 *)
  (* 986 *)
  (* 987 *)
  (* 988 *)
  (* 989 *)
  (* 990 *)
  (* 991 *)
  (* 992 *)
  (* 993 *)
  (* 994 *)
  (* 995 *)
  (* 996 *)
  (* 997 *)
  (* 998 *)
  (* 999 *)
  (* 1000 *)
  (* 1001 *)
  (* 1002 *)
  (* 1005 *)
  (* 1004 *)
  (* 1006 *)
  (* 1003 *)
  (* 1007 *)
  (* 1008 *)
  (* 1009 *)
  (* 980 *)
  (* 1011 *)
  (* 1010 *)
  (* 1015 *)
  (* 1016 *)
  (* 1014 *)
  (* 1018 *)
  (* 1019 *)
  (* 1017 *)
  (* 1029 *)
  (* 1028 *)
  (* 1027 *)
  (* 1030 *)
  (* 1031 *)
  (* 1032 *)
  (* 1037 *)
  (* 1036 *)
  (* 1038 *)
  (* 1039 *)
  (* 1040 *)
  (* 1041 *)
  (* 1042 *)
  (* 1035 *)
  (* 1034 *)
  (* 1043 *)
  (* 1044 *)
  (* 1045 *)
  (* 1046 *)
  (* 1047 *)
  (* 1033 *)
  (* 1055 *)
  (* 1054 *)
  (* 1063 *)
  (* 1064 *)
  (* 1065 *)
  (* 1062 *)
  (* 1061 *)
  (* 1066 *)
  (* 1067 *)
  (* 1068 *)
  (* 1069 *)
  (* 1060 *)
  (* 1059 *)
  (* 1070 *)
  (* 1071 *)
  (* 1072 *)
  (* 1073 *)
  (* 1058 *)
  (* 1082 *)
  (* 1081 *)
  (* 1083 *)
  (* 1080 *)
  (* 1085 *)
  (* 1084 *)
  (* 1086 *)
  (* 1089 *)
  (* 1088 *)
  (* 1090 *)
  (* 1087 *)
  (* 1094 *)
  (* 1093 *)
  (* 1092 *)
  (* 1095 *)
  (* 1091 *)
  (* 1079 *)
  (* 1096 *)
  (* 1078 *)
  (* 1077 *)
  (* 1097 *)
  (* 1076 *)
  (* 1075 *)
  (* 1098 *)
  (* 1099 *)
  (* 1106 *)
  (* 1105 *)
  (* 1107 *)
  (* 1108 *)
  (* 1109 *)
  (* 1104 *)
  (* 1103 *)
  (* 1110 *)
  (* 1102 *)
  (* 1112 *)
  (* 1111 *)
  (* 1117 *)
  (* 1116 *)
  (* 1118 *)
  (* 1119 *)
  (* 1115 *)
  (* 1114 *)
  (* 1120 *)
  (* 1113 *)
  (* 1122 *)
  (* 1121 *)
  (* 1124 *)
  (* 1125 *)
  (* 1123 *)
  (* 1127 *)
  (* 1126 *)
  (* 1128 *)
  (* 1129 *)
  (* 1131 *)
  (* 1132 *)
  (* 1130 *)
  (* 1136 *)
  (* 1135 *)
  (* 1134 *)
  (* 1137 *)
  (* 1133 *)
  (* 1101 *)
  (* 1138 *)
  (* 1139 *)
  (* 1100 *)
  (* 1140 *)
  (* 1141 *)
  (* 1143 *)
  (* 1144 *)
  (* 1142 *)
  (* 1145 *)
  (* 1146 *)
  (* 1074 *)
  (* 1148 *)
  (* 1147 *)
  (* 1150 *)
  (* 1149 *)
  (* 1153 *)
  (* 1152 *)
  (* 1154 *)
  (* 1151 *)
  (* 1057 *)
  (* 1155 *)
  (* 1156 *)
  (* 1157 *)
  (* 1158 *)
  (* 1056 *)
  (* 1161 *)
  (* 1167 *)
  (* 1166 *)
  (* 1169 *)
  (* 1170 *)
  (* 1168 *)
  (* 1174 *)
  (* 1173 *)
  (* 1172 *)
  (* 1175 *)
  (* 1176 *)
  (* 1171 *)
  (* 1178 *)
  (* 1177 *)
  (* 1180 *)
  (* 1181 *)
  (* 1179 *)
  (* 1165 *)
  (* 1182 *)
  (* 1183 *)
  (* 1184 *)
  (* 1164 *)
  (* 1163 *)
  (* 1185 *)
  (* 1186 *)
  (* 1187 *)
  (* 1162 *)
  (* 1193 *)
  (* 1192 *)
  (* 1191 *)
  (* 1194 *)
  (* 1195 *)
  (* 1190 *)
  (* 1189 *)
  (* 1196 *)
  (* 1188 *)
  (* 1198 *)
  (* 1197 *)
  (* 1160 *)
  (* 1199 *)
  (* 1200 *)
  (* 1201 *)
  (* 1159 *)
  (* 1203 *)
  (* 1204 *)
  (* 1208 *)
  (* 1207 *)
  (* 1206 *)
  (* 1209 *)
  (* 1210 *)
  (* 1211 *)
  (* 1212 *)
  (* 1213 *)
  (* 1205 *)
  (* 1214 *)
  (* 1202 *)
  (* 1218 *)
  (* 1219 *)
  (* 1217 *)
  (* 1221 *)
  (* 1222 *)
  (* 1223 *)
  (* 1224 *)
  (* 1225 *)
  (* 1226 *)
  (* 1227 *)
  (* 1228 *)
  (* 1229 *)
  (* 1230 *)
  (* 1231 *)
  (* 1232 *)
  (* 1233 *)
  (* 1220 *)
  (* 1234 *)
  (* 1216 *)
  (* 1235 *)
  (* 1236 *)
  (* 1237 *)
  (* 1215 *)
  (* 1239 *)
  (* 1240 *)
  (* 1241 *)
  (* 1238 *)
  (* 1245 *)
  (* 1244 *)
  (* 1243 *)
  (* 1246 *)
  (* 1242 *)
  (* 1248 *)
  (* 1249 *)
  (* 1247 *)
  (* 1253 *)
  (* 1254 *)
  (* 1255 *)
  (* 1252 *)
  (* 1257 *)
  (* 1258 *)
  (* 1259 *)
  (* 1261 *)
  (* 1262 *)
  (* 1260 *)
  (* 1263 *)
  (* 1264 *)
  (* 1265 *)
  (* 1256 *)
  (* 1251 *)
  (* 1266 *)
  (* 1250 *)
  (* 1268 *)
  (* 1269 *)
  (* 1267 *)
  (* 1053 *)
  (* 1270 *)
  (* 1052 *)
  (* 1051 *)
  (* 1271 *)
  (* 1272 *)
  (* 1273 *)
  (* 1274 *)
  (* 1050 *)
  (* 1276 *)
  (* 1275 *)
  (* 1049 *)
  (* 1277 *)
  (* 1048 *)
  (* 1279 *)
  (* 1278 *)
  (* 1281 *)
  (* 1282 *)
  (* 1280 *)
  (* 1283 *)
  (* 1284 *)
  (* 1292 *)
  (* 1293 *)
  (* 1291 *)
  (* 1295 *)
  (* 1294 *)
  (* 1299 *)
  (* 1298 *)
  (* 1297 *)
  (* 1300 *)
  (* 1296 *)
  (* 1290 *)
  (* 1301 *)
  (* 1305 *)
  (* 1304 *)
  (* 1303 *)
  (* 1306 *)
  (* 1302 *)
  (* 1307 *)
  (* 1289 *)
  (* 1288 *)
  (* 1308 *)
  (* 1309 *)
  (* 1310 *)
  (* 1311 *)
  (* 1312 *)
  (* 1287 *)
  (* 1313 *)
  (* 1318 *)
  (* 1317 *)
  (* 1319 *)
  (* 1320 *)
  (* 1316 *)
  (* 1315 *)
  (* 1321 *)
  (* 1322 *)
  (* 1323 *)
  (* 1314 *)
  (* 1325 *)
  (* 1324 *)
  (* 1328 *)
  (* 1327 *)
  (* 1329 *)
  (* 1330 *)
  (* 1326 *)
  (* 1333 *)
  (* 1336 *)
  (* 1335 *)
  (* 1337 *)
  (* 1338 *)
  (* 1339 *)
  (* 1340 *)
  (* 1334 *)
  (* 1342 *)
  (* 1341 *)
  (* 1344 *)
  (* 1345 *)
  (* 1343 *)
  (* 1347 *)
  (* 1346 *)
  (* 1332 *)
  (* 1348 *)
  (* 1349 *)
  (* 1350 *)
  (* 1351 *)
  (* 1352 *)
  (* 1331 *)
  (* 1354 *)
  (* 1355 *)
  (* 1353 *)
  (* 1357 *)
  (* 1358 *)
  (* 1356 *)
  (* 1362 *)
  (* 1361 *)
  (* 1360 *)
  (* 1363 *)
  (* 1364 *)
  (* 1365 *)
  (* 1359 *)
  (* 1286 *)
  (* 1366 *)
  (* 1367 *)
  (* 1368 *)
  (* 1369 *)
  (* 1370 *)
  (* 1285 *)
  (* 1371 *)
  (* 1372 *)
  (* 1373 *)
  (* 1374 *)
  (* 1375 *)
  (* 1376 *)
  (* 1377 *)
  (* 1378 *)
  (* 1379 *)
  (* 1380 *)
  (* 1381 *)
  (* 1382 *)
  (* 1026 *)
  (* 1384 *)
  (* 1383 *)
  (* 1385 *)
  (* 1025 *)
  (* 1386 *)
  (* 1387 *)
  (* 1388 *)
  (* 1389 *)
  (* 1024 *)
  (* 1023 *)
  (* 1390 *)
  (* 1022 *)
  (* 1021 *)
  (* 1391 *)
  (* 1020 *)
  (* 1392 *)
  (* 1396 *)
  (* 1397 *)
  (* 1395 *)
  (* 1399 *)
  (* 1400 *)
  (* 1398 *)
  (* 1401 *)
  (* 1403 *)
  (* 1402 *)
  (* 1394 *)
  (* 1404 *)
  (* 1405 *)
  (* 1393 *)
  (* 1013 *)
  (* 1406 *)
  (* 1012 *)
  (* 1410 *)
  (* 1409 *)
  (* 1408 *)
  (* 1411 *)
  (* 1407 *)
  (* 1413 *)
  (* 1414 *)
  (* 1412 *)
  (* 1416 *)
  (* 1417 *)
  (* 1415 *)
  (* 1421 *)
  (* 1422 *)
  (* 1420 *)
  (* 1419 *)
  (* 1423 *)
  (* 1424 *)
  (* 1418 *)
  (* 1426 *)
  (* 1427 *)
  (* 1428 *)
  (* 1425 *)
  (* 1431 *)
  (* 1430 *)
  (* 1432 *)
  (* 1429 *)
  (* 1434 *)
  (* 1435 *)
  (* 1433 *)
  (* 1441 *)
  (* 1440 *)
  (* 1439 *)
  (* 1442 *)
  (* 1443 *)
  (* 1438 *)
  (* 1437 *)
  (* 1444 *)
  (* 1436 *)
  (* 1445 *)
  (* 1448 *)
  (* 1447 *)
  (* 1449 *)
  (* 1450 *)
  (* 1451 *)
  (* 1452 *)
  (* 1446 *)
  (* 1455 *)
  (* 1454 *)
  (* 1456 *)
  (* 1457 *)
  (* 1458 *)
  (* 1459 *)
  (* 1460 *)
  (* 1453 *)
  (* 1462 *)
  (* 1463 *)
  (* 1461 *)
  (* 1464 *)
  (* 1468 *)
  (* 1469 *)
  (* 1467 *)
  (* 1466 *)
  (* 1470 *)
  (* 1465 *)
  (* 1472 *)
  (* 1471 *)

  (* CR-someday layouts: The line below doesn't stabilize in the
     [ocamlformat] profile *)

  (* kind_abbrev_ k = (((((1* 1479 *1) kkkkkkkkkkkkkkkkkkkkkkkkkkkkk (1* 1478
     *1) mod (1* 1480 *1) mmmmmmmmmmmmmmmmmmmmmmmm (1* 1477 *1)) (1* 1476 *1)
     with (('(1* 1481 *1) aaaaaaaaaaaaaaaaaaaaaaa : (kind_of_ (1* 1485 *1)
     (1* 1486 *1) ((1* 1487 *1) ttttttttttttttttttttttttt, ((1* 1488 *1)
     ttttttttttttttttttttttttttt -> (1* 1489 *1)
     ttttttttttttttttttttttttttt)) (1* 1490 *1) ttttttttt (1* 1484 *1) (1*
     1483 *1) mod (1* 1491 *1) mmmmmmmmmmmmmmmmm (1* 1492 *1) mmmm (1* 1493
     *1) mmmmmm (1* 1482 *1))) -> (1* 1494 *1) tttttttttttttt) (1* 1475 *1))
     (1* 1474 *1) with (1* 1495 *1) t (1* 1473 *1)) & (1* 1496 *1)
     kkkkkkkkkkkkkkkkkkkkkkkkkkkkkkk & (1* 1498 *1) _ (1* 1497 *1) & kind_of_
     (1* 1500 *1) (('(1* 1501 *1) aaaaaaaaaaaaaaa : kind_of_ (1* 1503 *1) (1*
     1504 *1) ttttttttttttttttt (1* 1502 *1)) -> (1* 1505 *1)
     ttttttttttttttttttttttttttttttttttt) (1* 1499 *1)) *)
  (* 1510 *)
  (* 1509 *)
  (* 1511 *)
  (* 1512 *)
  (* 1513 *)
  (* 1514 *)
  (* 1515 *)
  (* 1508 *)
  (* 1507 *)
  (* 1516 *)
  (* 1517 *)
  (* 1518 *)
  (* 1519 *)
  (* 1506 *)
end
