let _ = ~+2

let _ = 2

let _ = + ~-3

let _ = -3

let _ = ~+.2

let _ = +.2

let _ = ~-.3

let _ = ~-3.

let _ = ~-(f x y)

let _ = -f x y

let _ = -f x y

let x = - !p

let x = - !p

let y = -r.f

let y = -r.f

let x = ~- (!p)

let x = ~- (!p)

let y = ~-r.f

let y = ~-r.f

let _ = +f x

and _ = -f x

let _ = +f x

and _ = -f x

let _ = +.f x

and _ = -.f x

let _ = +.f x

and _ = -.f x

let _ = ~-(f r.x)
