(* see https://github.com/ocaml-ppx/ocamlformat/issues/1088 *)

let _ =
  r
    (* _________________________________________________________________ *)
   := 1

let _ =
  r
    (* _________________________________________________________________ *)
    (* _________________________________________________________________ *)
   := 1

let _ =
  r :=
    (* _________________________________________________________________ *) 1

let _ =
  r :=
    (* _________________________________________________________________ *)
    (* _________________________________________________________________ *)
    1

let _ =
  r
    (* _________________________________________________________________ *)
   :=
    (* _________________________________________________________________ *) 1

let _ =
  r
    (* _________________________________________________________________ *)
    (* _________________________________________________________________ *)
   :=
    (* _________________________________________________________________ *)
    (* _________________________________________________________________ *)
    1
