let flat : unit =
  let short = 1 + 1 + 1 + 1 + 1 + 1 + 1 + 1 + 1 + 1 + 1 + 1 + 1 + 1 in
  let fooo =
    1 + 1 + 1 + 1 + 1 + 1 + 1 + 1 + 1 + 1 + 1 + 1 + 1 + 1 + 1 + 1 + 1 in
  let baaar =
    1 + 1 + 1 + 1 + 1 + 1 + 1 + 1 + 1 + 1 + 1 + 1 + 1 + 1 + 1 + 1 + 1 in
  let long =
    1 + 1 + 1 + 1 + 1 + 1 + 1 + 1 + 1 + 1 + 1 + 1 + 1 + 1 + 1 + 1 + 1 + 1 in
  let longer =
    11 + 1 + 1 + 1 + 1 + 1 + 1 + 1 + 1 + 1 + 1 + 1 + 1 + 1 + 1 + 1 + 1 + 1
    + 1 in
  let longeerer =
    11 + 11 + 1 + 1 + 1 + 1 + 1 + 1 + 1 + 1 + 1 + 1 + 1 + 1 + 1 + 1 + 1 + 1
    + 1 in
  let longest =
    11 + 11 + 11 + 11 + 11 + 11 + 11 + 11 + 11 + 11 + 11 + 11 + 11 + 11 + 11
    + 11 + 11 + 11 + 11 in
  let violate_margin =
    1 + 1 + 1 + 1 + 1 + 1 + 1 + 1 + 1 + 1 + 1 + 1 + 1 + 1 + 1 + 1 + 1111 + 1
  in
  let violate_margin =
    1 + 11 + 1 + 1 + 1 + 1 + 1 + 1 + 1 + 1 + 1 + 1 + 1 + 1 + 1 + 1 + 1111 + 1
  in
  let violate_margin =
    1 + 11 + 11 + 1 + 1 + 1 + 1 + 1 + 1 + 1 + 1 + 1 + 1 + 1 + 1 + 1 + 1111
    + 1 in
  let violate_margin =
    1 + 111 + 11 + 1 + 1 + 1 + 1 + 1 + 1 + 1 + 1 + 1 + 1 + 1 + 1 + 1 + 1111
    + 1 in
  ()

let nested : unit =
  let short =
    let fooo =
      let baaar =
        let long =
          let longer =
            let longeerer =
              let violate_margin =
                let longest =
                  11 + 11 + 11 + 11 + 11 + 11 + 11 + 11 + 11 + 11 + 11 + 11
                  + 11 + 11 + 11 + 11 + 11 + 11 + 11 in
                longest + 1 + 1 + 1 + 1 + 1 + 1 + 1 + 1 + 1 + 1 + 1 + 1 + 1
                + 1 + 1 + 1111 + 1 in
              violate_margin + 11 + 1 + 1 + 1 + 1 + 1 + 1 + 1 + 1 + 1 + 1 + 1
              + 1 + 1 + 1 + 1 + 1 + 1 in
            longeerer + 1 + 1 + 1 + 1 + 1 + 1 + 1 + 1 + 1 + 1 + 1 + 1 + 1 + 1
            + 1 + 1 + 1 + 1 in
          longer + 1 + 1 + 1 + 1 + 1 + 1 + 1 + 1 + 1 + 1 + 1 + 1 + 1 + 1 + 1
          + 1 + 1 in
        long + 1 + 1 + 1 + 1 + 1 + 1 + 1 + 1 + 1 + 1 + 1 + 1 + 1 + 1 + 1 + 1
      in
      baaar + 1 + 1 + 1 + 1 + 1 + 1 + 1 + 1 + 1 + 1 + 1 + 1 + 1 + 1 + 1 + 1
    in
    fooo + 1 + 1 + 1 + 1 + 1 + 1 + 1 + 1 + 1 + 1 + 1 + 1 + 1 in
  ()
