module M = struct
  (* comments *)
end

module M : sig
  (* comments *)
end = struct
  (* comments *)
end

module type M = sig
  (* comments *)
end

module Mmmmmmmmmmmmmmmmmmmmmm =
  Aaaaaaaaaaaaaaaaaaaaaa.Bbbbbbbbbbbbbbbbbbbbbbbb
(** Xxxxxxx xxxxxxxx xx xxxxxxx xxxxxxxxxxxxx xxxxxxxxx xx xxxx *)

(** Xxxxxxx xxxxxxxx xx xxxxxxx xxxxxxxxxxxxx xxxxxxxxx xx xxxx *)
module Fffffffffffffff (Yyyyyyyyyyyyyyy : Z.S) =
  Gggggggggg (Wwwwwwwwww.Make (Yyyyyyyyyy))

module A (* comment *) (A : sig end) : sig end = struct end

module A (A : sig end) (* comment *) (B : sig end) : sig end = struct end

module A (A : sig end) : sig end = (* comment *) struct end

module (* comment *) A (A : sig end) : sig end = struct end
