type t =
  { a: int (* some comment *)
  ; b: float
  ; c: string
  ; d: [`something_looooooooooooooooooooooooooooooooong] }

type t =
  { a: int  (** some comment *)
  ; b: float
  ; c: string
  ; d: [`something_looooooooooooooooooooooooooooooooong] }

let { (* cmts *)
        pat
    ; loooooooooooooooooooooooooooooooooooooooooooooooooooooooooooooooooooooooooong
    ; a
    ; (* b *) b
    ; (* c *) c
    ; d=
        (* d *)
        (D: loooooooooooooooooooooooooooooooooooooooooooooooooooooooong_int)
    ; (* e *)
      e : loooooooooooooooooooooooooooooooooooooooooooooooooooooooong_int }
    =
  exp
