(**************************************************************************)
(*                                                                        *)
(*                                 XXXXX                                  *)
(*                                                                        *)
(*             XXXXXXXXXXXXXXXXXXXXXXXXXXXXXXXXXXXXXXXXXXXXXXxx           *)
(*                                                                        *)
(*   XXXXXXXXXXXXXXXXXXXXXXXXXXXXXXXXXXXXXXXXXXXXXXXXXXXXXXXXXXXXXXXX     *)
(*     XXXXXXXXXXXxXX.                                                    *)
(*                                                                        *)
(*   XXXXXXXXXXXXXXXXXXX.  XXXXXXXXXXXXXXXXXXXXXXXX XXXXXXXXXXXXXXXXXX    *)
(*   XXXXXXXXXXXXXXXXXXXXXXXXXXXXXXXXXXXXXXXXXXXXXXXXXXXXXXXXXxX          *)
(*   XXXXXXX XXXXXXXXXXXXXXXXXXXX XXXXXXXXXXXX XXXXXXXXXXXXXXXXX          *)
(*                                                                        *)
(**************************************************************************)

(* XXXXXXX xxxxxxxxxxxxx XXXXXXXXXXXXXXXXXXXXx xxxxxxxxx xxxxxxxxx x xxxxxx
   xxxxxx. *)

open Module

type typ = typ

(* XXXXXXXXXXXXXX XX XXxxxxxxxx *)

(* b *)
(*******)
(*     *)
(*     *)
(*     *)
(*     *)
(*******)
(* b *)

(*******)
(*     *)
(*     *)
(*     *)
(*     *)
(*****)

(* xxxxxxxxxxxxxxxxx, xxxxxxx xxxxxx (xxxxxxxxxxxxxx) xxxxxxxxx xxxxxxx
   xxxxxxxxxxxxxx xxxxxxxxxxxxx. *)
(* xx xxxxxxxxxxxxxx, x xxxxxxxxxxxxxx "xxxxxxxxx" xxxxxxxxxxxxxxxxxxxx
   xxxxxxxxxxxxxxxxxx xxxxxxxxxxxxxxxxxxx xxxxx. *)
