let () = [%ext expr] ; ()

let _ = [%ext match x with () -> ()] [@attr y]

let _ =
  match%ext x with
  | () ->
      let y = [%test let x = y] in
      let%test x = d in
      d

val f : compare:[%compare: 'a] -> sexp_of:[%sexp_of: 'a] -> t

let invariant t =
  Invariant.invariant [%here] t [%sexp_of: t] (fun () ->
      assert (check_t_invariant t))

;;
[%e?
  ( xxxxxxxxx
  , xxxxxxxxxxxxx
  , xxxxxxxxxxxxxxxx
  , xxxxxxxxxxxxxx
  , xxxxxxxxxxx
  , xxxxxxxxxxxxxxxxxxxx )]

;;
[%e?
  ( xxxxxxxxx
  , xxxxxxxxxxxxx
  , xxxxxxxxxxxxxxxx
  , xxxxxxxxxxxxxx
  , xxxxxxxxxxx
  , xxxxxxxxxxxxxxxxxxxx ) when a < b]
  [%ext
    let f = () and g () = () in
    e]
  (let%ext f = () and g () = () in
   e)
  [%ext
    let rec f = () and g () = () in
    e]
  (let%ext rec f = () and g () = () in
   e)

let _ = ([%ext? (x : x)] : [%ext? (x : x)])

[%%ext 11111111111111111111]

[%%ext
11111111111111111111111 22222222222222222222222 33333333333333333333333]

[%%ext
;;
11111111111111111111

;;
22222222222222222222]

[%%ext
;;
11111111111111111111

;;
22222222222222222222

;;
33333333333333333333]

[%%ext
let foooooooooooooooo = foooo

let fooooooooooooooo = foo]

let _ = [%stri let [%p xxx] = fun (t : [%t tt]) (ut : [%t tt]) -> [%e xxx]]

let _ =
  [ x
  ; x
    ---> [%expr
           [%e x ~loc [%expr x] x] ;
           iter tail]
  ; x ]

let _ =
  [%expr
    let x = e in
    f y]
  [@x]

let _ =
  f
    ( for i = 0 to 1 do
        ()
      done )
    ( while true do
        ()
      done )

let _ =
  f
    ( for%ext i = 0 to 1 do
        ()
      done )
    ( while%ext true do
        ()
      done )

let _ = function%ext x -> x

let _ = f (function%ext x -> x)

let _ = f (function%ext x -> x) x

let _ = [%ext function x -> x]

let _ = f [%ext function x -> x]

let _ = f [%ext function x -> x] x

let _ = f ([%ext e] [@attr]) x

let _ =
  a ;%ext
  b ;
  [%ext a ; b]

let _ = try%lwt Lwt.return 2 with _ -> assert false

let _ =
  (* foooooooooooo *)
  try%lwt (* fooooooooooo *) Lwt.return 2 with _ -> assert false

let _ =
  try%lwt
    let a = 3 in
    Lwt.return a
  with _ -> assert false

let _ =
  (* foooooooooooo *)
  try%lwt
    (* fooooooooooo *)
    let a = 3 in
    Lwt.return a
  with _ -> assert false

let%lwt f = function _ -> ()

type%any_extension t = < a: 'a >

let value = f [%any_extension function 0 -> false | _ -> true]

let value = [%any_extension fun x -> y] x

let value = f [%any_extension try x with x -> false | _ -> true]

let value = f [%any_extension match x with x -> false | _ -> true]

let foo =
  [%foooooooooo
    fooooooooooooooooooooooooooo foooooooooooooooooooooooooooooooooo
      foooooooooooooooooooooooooooooooooo foooooooooooooooooooooooooooo
      foooooooooooooooooooooooooooo]
  [@@foooooooooo
    fooooooooooooooooooooooooooo foooooooooooooooooooooooooooooooooo
      foooooooooooooooooooooooooooooooooo foooooooooooooooooooooooooooo
      foooooooooooooooooooooooooooo]

[%%foooooooooo:
fooooooooooooooooooooooooooo foooooooooooooooooooooooooooooooooo
foooooooooooooooooooooooooooooooooo
foooooooooooooooooooooooooooo
foooooooooooooooooooooooooooo]

[@@@foooooooooo
fooooooooooooooooooooooooooo foooooooooooooooooooooooooooooooooo
  foooooooooooooooooooooooooooooooooo foooooooooooooooooooooooooooo
  foooooooooooooooooooooooooooo]

let _ =
  [%ext
    let+ a = b in
    c]

let _ = [%ext "foo" ; "bar"]

let this_function_has_a_long_name plus very many arguments =
  "and a kind of long body"

[%%expect {||}]

;;
[%expect {|
___________________________________________________________
|}]

[%%expect {|
___________________________________________________________
|}]

let () =
  (* -1 *)
  [%(* 0 *)
    (* 0.5 *)
    test
    ()
    (* 1 *)
    (* 2 *)
    [@foo "bar"]
    (* 3 *)]

open%ext M

open%ext M

[%%ext open! M]

include%ext M

include%ext M

let x =
  let open%ext M in
  x

let x =
  [%ext
    let open M in
    x]

let x =
  [%ext
    let open! M in
    x]

exception%ext E

exception%ext E

let _ =
  let exception%ext E in
  x

let _ =
  [%ext
    let exception E in
    x]

module%ext E = P

module%ext E = P

module%ext rec K = A
and L = A

module%ext rec K = A
and L = A

let _ =
  let module%ext E = P in
  x

let _ =
  [%ext
    let module E = P in
    x]

module type%ext E = P

module type%ext E = P
