type%foo t = < .. >

type t =
  [%foooooooooo
       fooooooooooooooooooooooooooo foooooooooooooooooooooooooooooooooo
         foooooooooooooooooooooooooooooooooo foooooooooooooooooooooooooooo
         foooooooooooooooooooooooooooo]
[@@foooooooooo
     fooooooooooooooooooooooooooo foooooooooooooooooooooooooooooooooo
       foooooooooooooooooooooooooooooooooo foooooooooooooooooooooooooooo
       foooooooooooooooooooooooooooo]

[%%foooooooooo:
   fooooooooooooooooooooooooooo foooooooooooooooooooooooooooooooooo
   foooooooooooooooooooooooooooooooooo
   foooooooooooooooooooooooooooo
   foooooooooooooooooooooooooooo]

[@@@foooooooooo
   fooooooooooooooooooooooooooo foooooooooooooooooooooooooooooooooo
     foooooooooooooooooooooooooooooooooo foooooooooooooooooooooooooooo
     foooooooooooooooooooooooooooo]

[%%ext
val foooooooooooooooooooooo : fooooooooooo

val fooooooooooooooooooooooooooo : fooooo]
