Warning: format_invalid_files_with_proper_locations.ml is invalid, recovering.
Warning: Invalid documentation comment:
File "", line 10, characters 22-22:
End of text is not allowed in '[...]' (code).
Warning: format_invalid_files_with_proper_locations.ml is invalid, recovering.
let x = 1 +
;;

let x = "\064"

let x = "@"

(** parse [ docstring *)
let x = 0
