Warning: nesting.ml is invalid, recovering.
module M = struct
  let a = ((((((
    )
    )
    )
    )
    )
    )

  let a = (ff(ff(ff(ff(ff(ff(
    )
    )
    )
    )
    )
    )
    )

  let a = [[[[[[
    ]
    ]
    ]
    ]
    ]
    ]

  let a = [ff[ff[ff[ff[ff[ff[
    ]
    ]
    ]
    ]
    ]
    ]
    ]
