let _ =
  let open Some_module.Submodule in
  a + b

let _ =
  let open A in
  (a, b)

let _ =
  let open Some_module.Submodule in
  let open AAAAAAAAAAAAAAAAAAAAAAAAAAAA in
  a + b

let _ =
  let open Some_module.Submodule in
  let module A = MMMMMM in
  a + b + c

let _ =
  let open Some_module.Submodule in
  let exception A of int in
  a + b

let _ =
  let open Some_module.Submodule in
  [%except {| result |}]

let _ =
  let open Some_module.Submodule in
  [%except {| loooooooooooooooooooooooooong result |}]

let _ =
  let open Some_module.Submodule in
  let x = a + b in
  let y = f x in
  y

let () =
  ( (let open Term in
    term_result
      ( const Phases.phase1 $ arch $ hub_id $ build_dir $ logs_dir
      $ setup_logs ))
  , Term.info "phase1" ~doc ~sdocs:Manpage.s_common_options ~exits ~man )

let () =
  (let open Arg in
  let doc = "Output all." in
  value & flag & info ["all"] ~doc)
  $
  let open Arg in
  let doc = "Commit to git." in
  value & flag & info ["commit"; "c"] ~doc

let () =
  (let open Arg in
  let doc = "Output all." in
  value & flag & info ["all"] ~doc)
  $
  let open Arg in
  let doc = "Commit to git." in
  value & flag & info ["commit"; "c"] ~doc

let () =
  let open X in
  f y i

let () =
  let open X in
  i

let () =
  let open X in
  f y i

let () =
  let open X in
  i

let () =
  let open! K in
  x y z

let x =
  let Cstruct.{buffer= bigstring; off= offset; len= length} =
    let open Cstruct in
    {toto= foooo}
  in
  fooooooooo

open A
open A.B

open A (B)

open struct
  type t
end

open (
  struct
    type t
  end :
    T )

open (
  struct
    type t
  end :
    sig
      type t
    end )

open (val x)

open (val x)

open [%extension]

open functor (A : T) -> T'

module type T = sig
  open A
  open A.B
  open A(B)
end

let x =
  let open struct
    type t' = t
  end in
  foo

let x =
  let open struct
    open struct
      type t = T
    end

    let y = T
  end in
  foo

let x =
  let open struct
    open struct
      let counter = ref 0
    end
  end in
  foo

let x =
  let open struct
    ;;
    let open struct
      let counter = ref 0
    end in
    foo
  end in
  foo

let x =
  let open struct
    module A = struct
      open struct
        let x = 1
      end

      let y = x

      open struct
        let x = 1
      end

      let z = y + x
    end
  end in
  foo

class type a =
  (* A'' *)
  let open (* A' *) A (* A *) in
  (* B *)
  b

class a =
  (* A'' *)
  let open (* A' *) A (* A *) in
  (* B *)
  b

let _ =
  (* a *)
  let (* b *) open (* c *) struct
    type t
  end
  (* d *) in
  (* e *)
  (* f *)
  let (* g *) open (* h *) A (* i *) (B) (* j *) in
  (* k *)
  ()

(* l *)

open (* m *) struct
  type t
end

(* n *)

open A
open B

open struct
  type t
end

open
  functor
    (A : S)
    ->
    struct
      type t
    end

open
  functor
    (_ : S)
    ->
    struct
      type t
    end

open A (B)

open (A : S)

open (val x)

open [%ext]

let _ =
  let open A in
  let open B in
  let open struct
    type t
  end in
  let open
    functor
      (A : S)
      ->
      struct
        type t
      end in
  let open
    functor
      (_ : S)
      ->
      struct
        type t
      end in
  let open A (B) in
  let open (A : S) in
  let open (val x) in
  let open [%ext] in
  ()

open A [@@attr]
open B [@@attr]

open struct
  type t
end [@@attr]

open
  functor
    (A : S)
    ->
    struct
      type t
    end [@@attr]

open
  functor
    (_ : S)
    ->
    struct
      type t
    end [@@attr]

open A (B) [@@attr]

open (A : S) [@@attr]

open (val x) [@@attr]

open [%ext] [@@attr]

let g =
  M.f
    ((let open M in
     x) [@attr])
