File "passing/option.ml", line 63, characters 17-28:
Warning 47: illegal payload for attribute 'ocamlformat'.
margin not allowed here
File "passing/option.ml", line 13, characters 3-19:
Warning 47: illegal payload for attribute 'ocamlformat.typo'.
Invalid format "unknown suffix \"typo\""
File "passing/option.ml", line 21, characters 3-14:
Warning 47: illegal payload for attribute 'ocamlformat'.
Invalid format "string expected"
File "passing/option.ml", line 28, characters 3-14:
Warning 47: illegal payload for attribute 'ocamlformat'.
Invalid value for if-then-else: "Invalid value 'bad', expecting 'compact' or 'fit-or-vertical' or 'keyword-first' or 'k-r'"
File "passing/option.ml", line 39, characters 14-25:
Warning 47: illegal payload for attribute 'ocamlformat'.
Invalid value for if-then-else: "Invalid value 'bad', expecting 'compact' or 'fit-or-vertical' or 'keyword-first' or 'k-r'"
let _ =
  if b
  then e
  else (
    something loooooooooooooooooooooooooooooooong enough to_trigger a break ;
    this is more )
  [@@ocamlformat "if-then-else=keyword-first"]

let _ =
  if b then e
  else (
    something loooooooooooooooooooooooooooooooong enough to_trigger a break ;
    this is more )
  [@@ocamlformat.typo "if-then-else=keyword-first"]

let _ =
  if b then e
  else (
    something loooooooooooooooooooooooooooooooong enough to_trigger a break ;
    this is more )
  [@@ocamlformat 1, "if-then-else=keyword-first"]

let _ =
  if b then e
  else (
    something loooooooooooooooooooooooooooooooong enough to_trigger a break ;
    this is more )
  [@@ocamlformat "if-then-else=bad"]

module M = struct
  [@@@ocamlformat "if-then-else=keyword-first"]

  let _ =
    if b
    then e
    else (
      something loooooooooooooooooooooooooooooooong enough to_trigger a
        break ;
      this is more )
    [@@ocamlformat "if-then-else=bad"]

  let _ =
    if b
    then e
    else (
      something loooooooooooooooooooooooooooooooong enough to_trigger a
        break ;
      this is more )

  let _ =
    if b
    then e
    else (
      something loooooooooooooooooooooooooooooooong enough to_trigger a
        break ;
      this is more )

  [@@@ocamlformat "if-then-else=compact"]

  let _ =
    if b then e
    else (
      something loooooooooooooooooooooooooooooooong enough to_trigger a
        break ;
      this is more )
end

[@@@ocamlformat "margin=90"]
