profile=default (file passing/.ocamlformat:1)
quiet=false (profile default (file passing/.ocamlformat:1))
max-iters=2 (environment variable)
comment-check=true (profile default (file passing/.ocamlformat:1))
wrap-fun-args=true (profile default (file passing/.ocamlformat:1))
wrap-comments=true (file passing/.ocamlformat:3)
type-decl=compact (profile default (file passing/.ocamlformat:1))
space-around-collection-expressions=false (profile default (file passing/.ocamlformat:1))
single-case=compact (profile default (file passing/.ocamlformat:1))
sequence-style=separator (profile default (file passing/.ocamlformat:1))
parse-docstrings=true (file passing/.ocamlformat:4)
parens-tuple-patterns=multi-line-only (profile default (file passing/.ocamlformat:1))
parens-tuple=always (profile default (file passing/.ocamlformat:1))
parens-ite=false (profile default (file passing/.ocamlformat:1))
ocp-indent-compat=false (profile default (file passing/.ocamlformat:1))
module-item-spacing=sparse (file passing/dir1/dir2/.ocamlformat:1)
margin=77 (file passing/.ocamlformat:2)
let-open=short (command line)
let-and=compact (profile default (file passing/.ocamlformat:1))
let-binding-spacing=compact (profile default (file passing/.ocamlformat:1))
leading-nested-match-parens=false (profile default (file passing/.ocamlformat:1))
infix-precedence=indent (profile default (file passing/.ocamlformat:1))
indicate-nested-or-patterns=true (profile default (file passing/.ocamlformat:1))
indicate-multiline-delimiters=true (profile default (file passing/.ocamlformat:1))
if-then-else=compact (profile default (file passing/.ocamlformat:1))
field-space=tight (profile default (file passing/.ocamlformat:1))
extension-sugar=preserve (profile default (file passing/.ocamlformat:1))
escape-strings=preserve (profile default (file passing/.ocamlformat:1))
escape-chars=preserve (profile default (file passing/.ocamlformat:1))
doc-comments-tag-only=default (profile default (file passing/.ocamlformat:1))
doc-comments-padding=2 (profile default (file passing/.ocamlformat:1))
doc-comments=after (profile default (file passing/.ocamlformat:1))
disable=false (profile default (file passing/.ocamlformat:1))
break-struct=force (profile default (file passing/.ocamlformat:1))
cases-exp-indent=4 (profile default (file passing/.ocamlformat:1))
break-string-literals=wrap (profile default (file passing/.ocamlformat:1))
break-sequences=false (profile default (file passing/.ocamlformat:1))
break-separators=before (profile default (file passing/.ocamlformat:1))
break-fun-decl=wrap (profile default (file passing/.ocamlformat:1))
break-infix-before-func=true (profile default (file passing/.ocamlformat:1))
break-infix=wrap (profile default (file passing/.ocamlformat:1))
break-collection-expressions=fit-or-vertical (profile default (file passing/.ocamlformat:1))
break-cases=fit (profile default (file passing/.ocamlformat:1))
